­ƒÜÇ Starting Dialog Verification Tests...

Test 1: Verifying Version Notification Options...
Multi Purpose Agent Extension: Activator called.
Multi Purpose Agent: Status bar items created and shown.
[20:13:37] License verification skipped (Dev Mode: All Features Enabled)
[20:13:37] Multi Purpose Agent: Activating...
[20:13:37] Multi Purpose Agent: Detected environment: CODE
[20:13:37] CDP logging to: C:\Users\rulfe\GitHub\auto-accept-agent\test_scripts\multi-purpose-agent-cdp.log
[20:13:37] CDP handlers initialized for Code.
[20:13:37] Scheduler Config: {"mode":"interval","value":"30","prompt":"Status report please"}, Enabled: false
[20:13:37] Scheduler started.
[20:13:37] Status changed: "" ÔåÆ "ON|ON (No Chat)|bg=false"
[20:13:37] Status bar updated with current state.
node : ACTIVATION CRITICAL FAILURE: TypeError: 
vscode.window.registerUriHandler is not a function
En línea: 1 Carácter: 1
+ node test_scripts/test_dialogs_verification.js > 
test_output.txt 2>&1
+ ~~~~~~~~~~~~~~~~~~~~~~~~~~~~~~~~~~~~~~~~~~~~~~~~~~~~~~~~~~~~
~~~~~~~~~
    + CategoryInfo          : NotSpecified: (ACTIVATION CRIT. 
   .. not a function:String) [], RemoteException
    + FullyQualifiedErrorId : NativeCommandError
 
    at Object.activate 
(C:\Users\rulfe\GitHub\auto-accept-agent\extension.js:389:50)
    at runTests (C:\Users\rulfe\GitHub\auto-accept-agent\test_
scripts\test_dialogs_verification.js:145:21)
    at Object.<anonymous> (C:\Users\rulfe\GitHub\auto-accept-a
gent\test_scripts\test_dialogs_verification.js:353:1)
    at Module._compile 
(node:internal/modules/cjs/loader:1706:14)
    at Object..js (node:internal/modules/cjs/loader:1839:10)
    at Module.load (node:internal/modules/cjs/loader:1441:32)
    at Function._load 
(node:internal/modules/cjs/loader:1263:12)
    at TracingChannel.traceSync 
(node:diagnostics_channel:322:14)
    at wrapModuleLoad 
(node:internal/modules/cjs/loader:237:24)
    at Function.executeUserEntryPoint [as runMain] 
(node:internal/modules/run_main:171:5)
[20:13:37] ACTIVATION CRITICAL FAILURE: vscode.window.registerUriHandler is not a function
ÔØî TEST FAILED: AssertionError [ERR_ASSERTION]: Version 
notification should be shown on activation
    at runTests (C:\Users\rulfe\GitHub\auto-accept-agent\test_
scripts\test_dialogs_verification.js:151:12) {
  generatedMessage: false,
  code: 'ERR_ASSERTION',
  actual: undefined,
  expected: true,
  operator: '==',
  diff: 'simple'
}
